Release 14.4 Map P.49d (nt64)
Xilinx Map Application Log File for Design 'Multiplier32x32'

Design Information
------------------
Command Line   : map -intstyle ise -p xc7vx330t-ffg1157-3 -w -logic_opt off -ol
high -t 1 -xt 0 -register_duplication off -r 4 -mt off -ir off -pr off -lc off
-power off -o Multiplier32x32_map.ncd Multiplier32x32.ngd Multiplier32x32.pcf 
Target Device  : xc7vx330t
Target Package : ffg1157
Target Speed   : -3
Mapper Version : virtex7 -- $Revision: 1.55 $
Mapped Date    : Fri Sep 16 19:00:06 2022

WARNING:LIT:701 - PAD symbol "InputA<31>" has an undefined IOSTANDARD.
WARNING:LIT:702 - PAD symbol "InputA<31>" is not constrained (LOC) to a specific
   location.
Mapping design into LUTs...
Running directed packing...
Running delay-based LUT packing...
Updating timing models...
INFO:Map:215 - The Interim Design Summary has been generated in the MAP Report
   (.mrp).
Running timing-driven placement...
Total REAL time at the beginning of Placer: 50 secs 
Total CPU  time at the beginning of Placer: 49 secs 

Phase 1.1  Initial Placement Analysis
Phase 1.1  Initial Placement Analysis (Checksum:21cb) REAL time: 1 mins 1 secs 

Phase 2.7  Design Feasibility Check
Phase 2.7  Design Feasibility Check (Checksum:21cb) REAL time: 1 mins 2 secs 

Phase 3.31  Local Placement Optimization
Phase 3.31  Local Placement Optimization (Checksum:21cb) REAL time: 1 mins 2 secs 

Phase 4.2  Initial Placement for Architecture Specific Features
.....
Phase 4.2  Initial Placement for Architecture Specific Features (Checksum:21cb) REAL time: 1 mins 10 secs 

Phase 5.30  Global Clock Region Assignment
Phase 5.30  Global Clock Region Assignment (Checksum:21cb) REAL time: 1 mins 10 secs 

Phase 6.3  Local Placement Optimization
......
Phase 6.3  Local Placement Optimization (Checksum:ba88d7d6) REAL time: 1 mins 20 secs 

Phase 7.5  Local Placement Optimization
Phase 7.5  Local Placement Optimization (Checksum:ba88d7d6) REAL time: 1 mins 20 secs 

Phase 8.8  Global Placement
.........................
........
........................................

Phase 8.8  Global Placement (Checksum:275833da) REAL time: 1 mins 21 secs 

Phase 9.5  Local Placement Optimization
Phase 9.5  Local Placement Optimization (Checksum:275833da) REAL time: 1 mins 21 secs 

Phase 10.18  Placement Optimization
Phase 10.18  Placement Optimization (Checksum:694967aa) REAL time: 1 mins 26 secs 

Phase 11.5  Local Placement Optimization
Phase 11.5  Local Placement Optimization (Checksum:694967aa) REAL time: 1 mins 26 secs 

Phase 12.34  Placement Validation
Phase 12.34  Placement Validation (Checksum:694967aa) REAL time: 1 mins 26 secs 

Total REAL time to Placer completion: 1 mins 26 secs 
Total CPU  time to Placer completion: 1 mins 25 secs 
Running post-placement packing...
Writing output files...
WARNING:PhysDesignRules:2452 - The IOB OutputC<29> is either not constrained
   (LOC) to a specific location and/or has an undefined I/O Standard
   (IOSTANDARD). This condition may seriously affect the device and will be an
   error in bitstream creation. It should be corrected by properly specifying
   the pin location and I/O Standard.
WARNING:PhysDesignRules:2452 - The IOB OutputC<37> is either not constrained
   (LOC) to a specific location and/or has an undefined I/O Standard
   (IOSTANDARD). This condition may seriously affect the device and will be an
   error in bitstream creation. It should be corrected by properly specifying
   the pin location and I/O Standard.
WARNING:PhysDesignRules:2452 - The IOB OutputC<45> is either not constrained
   (LOC) to a specific location and/or has an undefined I/O Standard
   (IOSTANDARD). This condition may seriously affect the device and will be an
   error in bitstream creation. It should be corrected by properly specifying
   the pin location and I/O Standard.
WARNING:PhysDesignRules:2452 - The IOB OutputC<53> is either not constrained
   (LOC) to a specific location and/or has an undefined I/O Standard
   (IOSTANDARD). This condition may seriously affect the device and will be an
   error in bitstream creation. It should be corrected by properly specifying
   the pin location and I/O Standard.
WARNING:PhysDesignRules:2452 - The IOB OutputC<61> is either not constrained
   (LOC) to a specific location and/or has an undefined I/O Standard
   (IOSTANDARD). This condition may seriously affect the device and will be an
   error in bitstream creation. It should be corrected by properly specifying
   the pin location and I/O Standard.
WARNING:PhysDesignRules:2452 - The IOB InputA<3> is either not constrained (LOC)
   to a specific location and/or has an undefined I/O Standard (IOSTANDARD).
   This condition may seriously affect the device and will be an error in
   bitstream creation. It should be corrected by properly specifying the pin
   location and I/O Standard.
WARNING:PhysDesignRules:2452 - The IOB OutputC<38> is either not constrained
   (LOC) to a specific location and/or has an undefined I/O Standard
   (IOSTANDARD). This condition may seriously affect the device and will be an
   error in bitstream creation. It should be corrected by properly specifying
   the pin location and I/O Standard.
WARNING:PhysDesignRules:2452 - The IOB OutputC<46> is either not constrained
   (LOC) to a specific location and/or has an undefined I/O Standard
   (IOSTANDARD). This condition may seriously affect the device and will be an
   error in bitstream creation. It should be corrected by properly specifying
   the pin location and I/O Standard.
WARNING:PhysDesignRules:2452 - The IOB OutputC<54> is either not constrained
   (LOC) to a specific location and/or has an undefined I/O Standard
   (IOSTANDARD). This condition may seriously affect the device and will be an
   error in bitstream creation. It should be corrected by properly specifying
   the pin location and I/O Standard.
WARNING:PhysDesignRules:2452 - The IOB OutputC<62> is either not constrained
   (LOC) to a specific location and/or has an undefined I/O Standard
   (IOSTANDARD). This condition may seriously affect the device and will be an
   error in bitstream creation. It should be corrected by properly specifying
   the pin location and I/O Standard.
WARNING:PhysDesignRules:2452 - The IOB InputB<0> is either not constrained (LOC)
   to a specific location and/or has an undefined I/O Standard (IOSTANDARD).
   This condition may seriously affect the device and will be an error in
   bitstream creation. It should be corrected by properly specifying the pin
   location and I/O Standard.
WARNING:PhysDesignRules:2452 - The IOB InputA<4> is either not constrained (LOC)
   to a specific location and/or has an undefined I/O Standard (IOSTANDARD).
   This condition may seriously affect the device and will be an error in
   bitstream creation. It should be corrected by properly specifying the pin
   location and I/O Standard.
WARNING:PhysDesignRules:2452 - The IOB OutputC<39> is either not constrained
   (LOC) to a specific location and/or has an undefined I/O Standard
   (IOSTANDARD). This condition may seriously affect the device and will be an
   error in bitstream creation. It should be corrected by properly specifying
   the pin location and I/O Standard.
WARNING:PhysDesignRules:2452 - The IOB OutputC<47> is either not constrained
   (LOC) to a specific location and/or has an undefined I/O Standard
   (IOSTANDARD). This condition may seriously affect the device and will be an
   error in bitstream creation. It should be corrected by properly specifying
   the pin location and I/O Standard.
WARNING:PhysDesignRules:2452 - The IOB OutputC<55> is either not constrained
   (LOC) to a specific location and/or has an undefined I/O Standard
   (IOSTANDARD). This condition may seriously affect the device and will be an
   error in bitstream creation. It should be corrected by properly specifying
   the pin location and I/O Standard.
WARNING:PhysDesignRules:2452 - The IOB OutputC<63> is either not constrained
   (LOC) to a specific location and/or has an undefined I/O Standard
   (IOSTANDARD). This condition may seriously affect the device and will be an
   error in bitstream creation. It should be corrected by properly specifying
   the pin location and I/O Standard.
WARNING:PhysDesignRules:2452 - The IOB InputB<1> is either not constrained (LOC)
   to a specific location and/or has an undefined I/O Standard (IOSTANDARD).
   This condition may seriously affect the device and will be an error in
   bitstream creation. It should be corrected by properly specifying the pin
   location and I/O Standard.
WARNING:PhysDesignRules:2452 - The IOB InputA<5> is either not constrained (LOC)
   to a specific location and/or has an undefined I/O Standard (IOSTANDARD).
   This condition may seriously affect the device and will be an error in
   bitstream creation. It should be corrected by properly specifying the pin
   location and I/O Standard.
WARNING:PhysDesignRules:2452 - The IOB OutputC<48> is either not constrained
   (LOC) to a specific location and/or has an undefined I/O Standard
   (IOSTANDARD). This condition may seriously affect the device and will be an
   error in bitstream creation. It should be corrected by properly specifying
   the pin location and I/O Standard.
WARNING:PhysDesignRules:2452 - The IOB OutputC<56> is either not constrained
   (LOC) to a specific location and/or has an undefined I/O Standard
   (IOSTANDARD). This condition may seriously affect the device and will be an
   error in bitstream creation. It should be corrected by properly specifying
   the pin location and I/O Standard.
WARNING:PhysDesignRules:2452 - The IOB InputB<2> is either not constrained (LOC)
   to a specific location and/or has an undefined I/O Standard (IOSTANDARD).
   This condition may seriously affect the device and will be an error in
   bitstream creation. It should be corrected by properly specifying the pin
   location and I/O Standard.
WARNING:PhysDesignRules:2452 - The IOB InputA<6> is either not constrained (LOC)
   to a specific location and/or has an undefined I/O Standard (IOSTANDARD).
   This condition may seriously affect the device and will be an error in
   bitstream creation. It should be corrected by properly specifying the pin
   location and I/O Standard.
WARNING:PhysDesignRules:2452 - The IOB OutputC<49> is either not constrained
   (LOC) to a specific location and/or has an undefined I/O Standard
   (IOSTANDARD). This condition may seriously affect the device and will be an
   error in bitstream creation. It should be corrected by properly specifying
   the pin location and I/O Standard.
WARNING:PhysDesignRules:2452 - The IOB OutputC<57> is either not constrained
   (LOC) to a specific location and/or has an undefined I/O Standard
   (IOSTANDARD). This condition may seriously affect the device and will be an
   error in bitstream creation. It should be corrected by properly specifying
   the pin location and I/O Standard.
WARNING:PhysDesignRules:2452 - The IOB InputB<3> is either not constrained (LOC)
   to a specific location and/or has an undefined I/O Standard (IOSTANDARD).
   This condition may seriously affect the device and will be an error in
   bitstream creation. It should be corrected by properly specifying the pin
   location and I/O Standard.
WARNING:PhysDesignRules:2452 - The IOB InputA<7> is either not constrained (LOC)
   to a specific location and/or has an undefined I/O Standard (IOSTANDARD).
   This condition may seriously affect the device and will be an error in
   bitstream creation. It should be corrected by properly specifying the pin
   location and I/O Standard.
WARNING:PhysDesignRules:2452 - The IOB OutputC<58> is either not constrained
   (LOC) to a specific location and/or has an undefined I/O Standard
   (IOSTANDARD). This condition may seriously affect the device and will be an
   error in bitstream creation. It should be corrected by properly specifying
   the pin location and I/O Standard.
WARNING:PhysDesignRules:2452 - The IOB InputB<4> is either not constrained (LOC)
   to a specific location and/or has an undefined I/O Standard (IOSTANDARD).
   This condition may seriously affect the device and will be an error in
   bitstream creation. It should be corrected by properly specifying the pin
   location and I/O Standard.
WARNING:PhysDesignRules:2452 - The IOB InputA<8> is either not constrained (LOC)
   to a specific location and/or has an undefined I/O Standard (IOSTANDARD).
   This condition may seriously affect the device and will be an error in
   bitstream creation. It should be corrected by properly specifying the pin
   location and I/O Standard.
WARNING:PhysDesignRules:2452 - The IOB OutputC<59> is either not constrained
   (LOC) to a specific location and/or has an undefined I/O Standard
   (IOSTANDARD). This condition may seriously affect the device and will be an
   error in bitstream creation. It should be corrected by properly specifying
   the pin location and I/O Standard.
WARNING:PhysDesignRules:2452 - The IOB InputB<5> is either not constrained (LOC)
   to a specific location and/or has an undefined I/O Standard (IOSTANDARD).
   This condition may seriously affect the device and will be an error in
   bitstream creation. It should be corrected by properly specifying the pin
   location and I/O Standard.
WARNING:PhysDesignRules:2452 - The IOB InputA<9> is either not constrained (LOC)
   to a specific location and/or has an undefined I/O Standard (IOSTANDARD).
   This condition may seriously affect the device and will be an error in
   bitstream creation. It should be corrected by properly specifying the pin
   location and I/O Standard.
WARNING:PhysDesignRules:2452 - The IOB InputB<6> is either not constrained (LOC)
   to a specific location and/or has an undefined I/O Standard (IOSTANDARD).
   This condition may seriously affect the device and will be an error in
   bitstream creation. It should be corrected by properly specifying the pin
   location and I/O Standard.
WARNING:PhysDesignRules:2452 - The IOB InputB<7> is either not constrained (LOC)
   to a specific location and/or has an undefined I/O Standard (IOSTANDARD).
   This condition may seriously affect the device and will be an error in
   bitstream creation. It should be corrected by properly specifying the pin
   location and I/O Standard.
WARNING:PhysDesignRules:2452 - The IOB InputB<8> is either not constrained (LOC)
   to a specific location and/or has an undefined I/O Standard (IOSTANDARD).
   This condition may seriously affect the device and will be an error in
   bitstream creation. It should be corrected by properly specifying the pin
   location and I/O Standard.
WARNING:PhysDesignRules:2452 - The IOB InputB<9> is either not constrained (LOC)
   to a specific location and/or has an undefined I/O Standard (IOSTANDARD).
   This condition may seriously affect the device and will be an error in
   bitstream creation. It should be corrected by properly specifying the pin
   location and I/O Standard.
WARNING:PhysDesignRules:2452 - The IOB InputA<10> is either not constrained
   (LOC) to a specific location and/or has an undefined I/O Standard
   (IOSTANDARD). This condition may seriously affect the device and will be an
   error in bitstream creation. It should be corrected by properly specifying
   the pin location and I/O Standard.
WARNING:PhysDesignRules:2452 - The IOB InputA<11> is either not constrained
   (LOC) to a specific location and/or has an undefined I/O Standard
   (IOSTANDARD). This condition may seriously affect the device and will be an
   error in bitstream creation. It should be corrected by properly specifying
   the pin location and I/O Standard.
WARNING:PhysDesignRules:2452 - The IOB InputA<12> is either not constrained
   (LOC) to a specific location and/or has an undefined I/O Standard
   (IOSTANDARD). This condition may seriously affect the device and will be an
   error in bitstream creation. It should be corrected by properly specifying
   the pin location and I/O Standard.
WARNING:PhysDesignRules:2452 - The IOB InputA<20> is either not constrained
   (LOC) to a specific location and/or has an undefined I/O Standard
   (IOSTANDARD). This condition may seriously affect the device and will be an
   error in bitstream creation. It should be corrected by properly specifying
   the pin location and I/O Standard.
WARNING:PhysDesignRules:2452 - The IOB InputA<13> is either not constrained
   (LOC) to a specific location and/or has an undefined I/O Standard
   (IOSTANDARD). This condition may seriously affect the device and will be an
   error in bitstream creation. It should be corrected by properly specifying
   the pin location and I/O Standard.
WARNING:PhysDesignRules:2452 - The IOB InputA<21> is either not constrained
   (LOC) to a specific location and/or has an undefined I/O Standard
   (IOSTANDARD). This condition may seriously affect the device and will be an
   error in bitstream creation. It should be corrected by properly specifying
   the pin location and I/O Standard.
WARNING:PhysDesignRules:2452 - The IOB InputA<14> is either not constrained
   (LOC) to a specific location and/or has an undefined I/O Standard
   (IOSTANDARD). This condition may seriously affect the device and will be an
   error in bitstream creation. It should be corrected by properly specifying
   the pin location and I/O Standard.
WARNING:PhysDesignRules:2452 - The IOB InputA<22> is either not constrained
   (LOC) to a specific location and/or has an undefined I/O Standard
   (IOSTANDARD). This condition may seriously affect the device and will be an
   error in bitstream creation. It should be corrected by properly specifying
   the pin location and I/O Standard.
WARNING:PhysDesignRules:2452 - The IOB InputA<30> is either not constrained
   (LOC) to a specific location and/or has an undefined I/O Standard
   (IOSTANDARD). This condition may seriously affect the device and will be an
   error in bitstream creation. It should be corrected by properly specifying
   the pin location and I/O Standard.
WARNING:PhysDesignRules:2452 - The IOB InputA<15> is either not constrained
   (LOC) to a specific location and/or has an undefined I/O Standard
   (IOSTANDARD). This condition may seriously affect the device and will be an
   error in bitstream creation. It should be corrected by properly specifying
   the pin location and I/O Standard.
WARNING:PhysDesignRules:2452 - The IOB InputA<23> is either not constrained
   (LOC) to a specific location and/or has an undefined I/O Standard
   (IOSTANDARD). This condition may seriously affect the device and will be an
   error in bitstream creation. It should be corrected by properly specifying
   the pin location and I/O Standard.
WARNING:PhysDesignRules:2452 - The IOB InputA<31> is either not constrained
   (LOC) to a specific location and/or has an undefined I/O Standard
   (IOSTANDARD). This condition may seriously affect the device and will be an
   error in bitstream creation. It should be corrected by properly specifying
   the pin location and I/O Standard.
WARNING:PhysDesignRules:2452 - The IOB InputA<16> is either not constrained
   (LOC) to a specific location and/or has an undefined I/O Standard
   (IOSTANDARD). This condition may seriously affect the device and will be an
   error in bitstream creation. It should be corrected by properly specifying
   the pin location and I/O Standard.
WARNING:PhysDesignRules:2452 - The IOB InputA<24> is either not constrained
   (LOC) to a specific location and/or has an undefined I/O Standard
   (IOSTANDARD). This condition may seriously affect the device and will be an
   error in bitstream creation. It should be corrected by properly specifying
   the pin location and I/O Standard.
WARNING:PhysDesignRules:2452 - The IOB InputA<17> is either not constrained
   (LOC) to a specific location and/or has an undefined I/O Standard
   (IOSTANDARD). This condition may seriously affect the device and will be an
   error in bitstream creation. It should be corrected by properly specifying
   the pin location and I/O Standard.
WARNING:PhysDesignRules:2452 - The IOB InputA<25> is either not constrained
   (LOC) to a specific location and/or has an undefined I/O Standard
   (IOSTANDARD). This condition may seriously affect the device and will be an
   error in bitstream creation. It should be corrected by properly specifying
   the pin location and I/O Standard.
WARNING:PhysDesignRules:2452 - The IOB InputB<10> is either not constrained
   (LOC) to a specific location and/or has an undefined I/O Standard
   (IOSTANDARD). This condition may seriously affect the device and will be an
   error in bitstream creation. It should be corrected by properly specifying
   the pin location and I/O Standard.
WARNING:PhysDesignRules:2452 - The IOB InputA<18> is either not constrained
   (LOC) to a specific location and/or has an undefined I/O Standard
   (IOSTANDARD). This condition may seriously affect the device and will be an
   error in bitstream creation. It should be corrected by properly specifying
   the pin location and I/O Standard.
WARNING:PhysDesignRules:2452 - The IOB InputA<26> is either not constrained
   (LOC) to a specific location and/or has an undefined I/O Standard
   (IOSTANDARD). This condition may seriously affect the device and will be an
   error in bitstream creation. It should be corrected by properly specifying
   the pin location and I/O Standard.
WARNING:PhysDesignRules:2452 - The IOB InputB<11> is either not constrained
   (LOC) to a specific location and/or has an undefined I/O Standard
   (IOSTANDARD). This condition may seriously affect the device and will be an
   error in bitstream creation. It should be corrected by properly specifying
   the pin location and I/O Standard.
WARNING:PhysDesignRules:2452 - The IOB InputA<19> is either not constrained
   (LOC) to a specific location and/or has an undefined I/O Standard
   (IOSTANDARD). This condition may seriously affect the device and will be an
   error in bitstream creation. It should be corrected by properly specifying
   the pin location and I/O Standard.
WARNING:PhysDesignRules:2452 - The IOB InputA<27> is either not constrained
   (LOC) to a specific location and/or has an undefined I/O Standard
   (IOSTANDARD). This condition may seriously affect the device and will be an
   error in bitstream creation. It should be corrected by properly specifying
   the pin location and I/O Standard.
WARNING:PhysDesignRules:2452 - The IOB InputB<12> is either not constrained
   (LOC) to a specific location and/or has an undefined I/O Standard
   (IOSTANDARD). This condition may seriously affect the device and will be an
   error in bitstream creation. It should be corrected by properly specifying
   the pin location and I/O Standard.
WARNING:PhysDesignRules:2452 - The IOB InputB<20> is either not constrained
   (LOC) to a specific location and/or has an undefined I/O Standard
   (IOSTANDARD). This condition may seriously affect the device and will be an
   error in bitstream creation. It should be corrected by properly specifying
   the pin location and I/O Standard.
WARNING:PhysDesignRules:2452 - The IOB InputA<28> is either not constrained
   (LOC) to a specific location and/or has an undefined I/O Standard
   (IOSTANDARD). This condition may seriously affect the device and will be an
   error in bitstream creation. It should be corrected by properly specifying
   the pin location and I/O Standard.
WARNING:PhysDesignRules:2452 - The IOB InputB<13> is either not constrained
   (LOC) to a specific location and/or has an undefined I/O Standard
   (IOSTANDARD). This condition may seriously affect the device and will be an
   error in bitstream creation. It should be corrected by properly specifying
   the pin location and I/O Standard.
WARNING:PhysDesignRules:2452 - The IOB InputB<21> is either not constrained
   (LOC) to a specific location and/or has an undefined I/O Standard
   (IOSTANDARD). This condition may seriously affect the device and will be an
   error in bitstream creation. It should be corrected by properly specifying
   the pin location and I/O Standard.
WARNING:PhysDesignRules:2452 - The IOB InputA<29> is either not constrained
   (LOC) to a specific location and/or has an undefined I/O Standard
   (IOSTANDARD). This condition may seriously affect the device and will be an
   error in bitstream creation. It should be corrected by properly specifying
   the pin location and I/O Standard.
WARNING:PhysDesignRules:2452 - The IOB InputB<14> is either not constrained
   (LOC) to a specific location and/or has an undefined I/O Standard
   (IOSTANDARD). This condition may seriously affect the device and will be an
   error in bitstream creation. It should be corrected by properly specifying
   the pin location and I/O Standard.
WARNING:PhysDesignRules:2452 - The IOB InputB<22> is either not constrained
   (LOC) to a specific location and/or has an undefined I/O Standard
   (IOSTANDARD). This condition may seriously affect the device and will be an
   error in bitstream creation. It should be corrected by properly specifying
   the pin location and I/O Standard.
WARNING:PhysDesignRules:2452 - The IOB InputB<30> is either not constrained
   (LOC) to a specific location and/or has an undefined I/O Standard
   (IOSTANDARD). This condition may seriously affect the device and will be an
   error in bitstream creation. It should be corrected by properly specifying
   the pin location and I/O Standard.
WARNING:PhysDesignRules:2452 - The IOB InputB<15> is either not constrained
   (LOC) to a specific location and/or has an undefined I/O Standard
   (IOSTANDARD). This condition may seriously affect the device and will be an
   error in bitstream creation. It should be corrected by properly specifying
   the pin location and I/O Standard.
WARNING:PhysDesignRules:2452 - The IOB InputB<23> is either not constrained
   (LOC) to a specific location and/or has an undefined I/O Standard
   (IOSTANDARD). This condition may seriously affect the device and will be an
   error in bitstream creation. It should be corrected by properly specifying
   the pin location and I/O Standard.
WARNING:PhysDesignRules:2452 - The IOB InputB<31> is either not constrained
   (LOC) to a specific location and/or has an undefined I/O Standard
   (IOSTANDARD). This condition may seriously affect the device and will be an
   error in bitstream creation. It should be corrected by properly specifying
   the pin location and I/O Standard.
WARNING:PhysDesignRules:2452 - The IOB InputB<16> is either not constrained
   (LOC) to a specific location and/or has an undefined I/O Standard
   (IOSTANDARD). This condition may seriously affect the device and will be an
   error in bitstream creation. It should be corrected by properly specifying
   the pin location and I/O Standard.
WARNING:PhysDesignRules:2452 - The IOB InputB<24> is either not constrained
   (LOC) to a specific location and/or has an undefined I/O Standard
   (IOSTANDARD). This condition may seriously affect the device and will be an
   error in bitstream creation. It should be corrected by properly specifying
   the pin location and I/O Standard.
WARNING:PhysDesignRules:2452 - The IOB InputB<17> is either not constrained
   (LOC) to a specific location and/or has an undefined I/O Standard
   (IOSTANDARD). This condition may seriously affect the device and will be an
   error in bitstream creation. It should be corrected by properly specifying
   the pin location and I/O Standard.
WARNING:PhysDesignRules:2452 - The IOB InputB<25> is either not constrained
   (LOC) to a specific location and/or has an undefined I/O Standard
   (IOSTANDARD). This condition may seriously affect the device and will be an
   error in bitstream creation. It should be corrected by properly specifying
   the pin location and I/O Standard.
WARNING:PhysDesignRules:2452 - The IOB InputB<18> is either not constrained
   (LOC) to a specific location and/or has an undefined I/O Standard
   (IOSTANDARD). This condition may seriously affect the device and will be an
   error in bitstream creation. It should be corrected by properly specifying
   the pin location and I/O Standard.
WARNING:PhysDesignRules:2452 - The IOB InputB<26> is either not constrained
   (LOC) to a specific location and/or has an undefined I/O Standard
   (IOSTANDARD). This condition may seriously affect the device and will be an
   error in bitstream creation. It should be corrected by properly specifying
   the pin location and I/O Standard.
WARNING:PhysDesignRules:2452 - The IOB InputB<19> is either not constrained
   (LOC) to a specific location and/or has an undefined I/O Standard
   (IOSTANDARD). This condition may seriously affect the device and will be an
   error in bitstream creation. It should be corrected by properly specifying
   the pin location and I/O Standard.
WARNING:PhysDesignRules:2452 - The IOB InputB<27> is either not constrained
   (LOC) to a specific location and/or has an undefined I/O Standard
   (IOSTANDARD). This condition may seriously affect the device and will be an
   error in bitstream creation. It should be corrected by properly specifying
   the pin location and I/O Standard.
WARNING:PhysDesignRules:2452 - The IOB InputB<28> is either not constrained
   (LOC) to a specific location and/or has an undefined I/O Standard
   (IOSTANDARD). This condition may seriously affect the device and will be an
   error in bitstream creation. It should be corrected by properly specifying
   the pin location and I/O Standard.
WARNING:PhysDesignRules:2452 - The IOB InputB<29> is either not constrained
   (LOC) to a specific location and/or has an undefined I/O Standard
   (IOSTANDARD). This condition may seriously affect the device and will be an
   error in bitstream creation. It should be corrected by properly specifying
   the pin location and I/O Standard.
WARNING:PhysDesignRules:2452 - The IOB OutputC<0> is either not constrained
   (LOC) to a specific location and/or has an undefined I/O Standard
   (IOSTANDARD). This condition may seriously affect the device and will be an
   error in bitstream creation. It should be corrected by properly specifying
   the pin location and I/O Standard.
WARNING:PhysDesignRules:2452 - The IOB OutputC<1> is either not constrained
   (LOC) to a specific location and/or has an undefined I/O Standard
   (IOSTANDARD). This condition may seriously affect the device and will be an
   error in bitstream creation. It should be corrected by properly specifying
   the pin location and I/O Standard.
WARNING:PhysDesignRules:2452 - The IOB OutputC<2> is either not constrained
   (LOC) to a specific location and/or has an undefined I/O Standard
   (IOSTANDARD). This condition may seriously affect the device and will be an
   error in bitstream creation. It should be corrected by properly specifying
   the pin location and I/O Standard.
WARNING:PhysDesignRules:2452 - The IOB OutputC<3> is either not constrained
   (LOC) to a specific location and/or has an undefined I/O Standard
   (IOSTANDARD). This condition may seriously affect the device and will be an
   error in bitstream creation. It should be corrected by properly specifying
   the pin location and I/O Standard.
WARNING:PhysDesignRules:2452 - The IOB OutputC<4> is either not constrained
   (LOC) to a specific location and/or has an undefined I/O Standard
   (IOSTANDARD). This condition may seriously affect the device and will be an
   error in bitstream creation. It should be corrected by properly specifying
   the pin location and I/O Standard.
WARNING:PhysDesignRules:2452 - The IOB OutputC<10> is either not constrained
   (LOC) to a specific location and/or has an undefined I/O Standard
   (IOSTANDARD). This condition may seriously affect the device and will be an
   error in bitstream creation. It should be corrected by properly specifying
   the pin location and I/O Standard.
WARNING:PhysDesignRules:2452 - The IOB OutputC<5> is either not constrained
   (LOC) to a specific location and/or has an undefined I/O Standard
   (IOSTANDARD). This condition may seriously affect the device and will be an
   error in bitstream creation. It should be corrected by properly specifying
   the pin location and I/O Standard.
WARNING:PhysDesignRules:2452 - The IOB OutputC<11> is either not constrained
   (LOC) to a specific location and/or has an undefined I/O Standard
   (IOSTANDARD). This condition may seriously affect the device and will be an
   error in bitstream creation. It should be corrected by properly specifying
   the pin location and I/O Standard.
WARNING:PhysDesignRules:2452 - The IOB OutputC<6> is either not constrained
   (LOC) to a specific location and/or has an undefined I/O Standard
   (IOSTANDARD). This condition may seriously affect the device and will be an
   error in bitstream creation. It should be corrected by properly specifying
   the pin location and I/O Standard.
WARNING:PhysDesignRules:2452 - The IOB OutputC<12> is either not constrained
   (LOC) to a specific location and/or has an undefined I/O Standard
   (IOSTANDARD). This condition may seriously affect the device and will be an
   error in bitstream creation. It should be corrected by properly specifying
   the pin location and I/O Standard.
WARNING:PhysDesignRules:2452 - The IOB OutputC<20> is either not constrained
   (LOC) to a specific location and/or has an undefined I/O Standard
   (IOSTANDARD). This condition may seriously affect the device and will be an
   error in bitstream creation. It should be corrected by properly specifying
   the pin location and I/O Standard.
WARNING:PhysDesignRules:2452 - The IOB OutputC<7> is either not constrained
   (LOC) to a specific location and/or has an undefined I/O Standard
   (IOSTANDARD). This condition may seriously affect the device and will be an
   error in bitstream creation. It should be corrected by properly specifying
   the pin location and I/O Standard.
WARNING:PhysDesignRules:2452 - The IOB OutputC<13> is either not constrained
   (LOC) to a specific location and/or has an undefined I/O Standard
   (IOSTANDARD). This condition may seriously affect the device and will be an
   error in bitstream creation. It should be corrected by properly specifying
   the pin location and I/O Standard.
WARNING:PhysDesignRules:2452 - The IOB OutputC<21> is either not constrained
   (LOC) to a specific location and/or has an undefined I/O Standard
   (IOSTANDARD). This condition may seriously affect the device and will be an
   error in bitstream creation. It should be corrected by properly specifying
   the pin location and I/O Standard.
WARNING:PhysDesignRules:2452 - The IOB OutputC<8> is either not constrained
   (LOC) to a specific location and/or has an undefined I/O Standard
   (IOSTANDARD). This condition may seriously affect the device and will be an
   error in bitstream creation. It should be corrected by properly specifying
   the pin location and I/O Standard.
WARNING:PhysDesignRules:2452 - The IOB OutputC<14> is either not constrained
   (LOC) to a specific location and/or has an undefined I/O Standard
   (IOSTANDARD). This condition may seriously affect the device and will be an
   error in bitstream creation. It should be corrected by properly specifying
   the pin location and I/O Standard.
WARNING:PhysDesignRules:2452 - The IOB OutputC<22> is either not constrained
   (LOC) to a specific location and/or has an undefined I/O Standard
   (IOSTANDARD). This condition may seriously affect the device and will be an
   error in bitstream creation. It should be corrected by properly specifying
   the pin location and I/O Standard.
WARNING:PhysDesignRules:2452 - The IOB OutputC<30> is either not constrained
   (LOC) to a specific location and/or has an undefined I/O Standard
   (IOSTANDARD). This condition may seriously affect the device and will be an
   error in bitstream creation. It should be corrected by properly specifying
   the pin location and I/O Standard.
WARNING:PhysDesignRules:2452 - The IOB OutputC<9> is either not constrained
   (LOC) to a specific location and/or has an undefined I/O Standard
   (IOSTANDARD). This condition may seriously affect the device and will be an
   error in bitstream creation. It should be corrected by properly specifying
   the pin location and I/O Standard.
WARNING:PhysDesignRules:2452 - The IOB OutputC<15> is either not constrained
   (LOC) to a specific location and/or has an undefined I/O Standard
   (IOSTANDARD). This condition may seriously affect the device and will be an
   error in bitstream creation. It should be corrected by properly specifying
   the pin location and I/O Standard.
WARNING:PhysDesignRules:2452 - The IOB OutputC<23> is either not constrained
   (LOC) to a specific location and/or has an undefined I/O Standard
   (IOSTANDARD). This condition may seriously affect the device and will be an
   error in bitstream creation. It should be corrected by properly specifying
   the pin location and I/O Standard.
WARNING:PhysDesignRules:2452 - The IOB OutputC<31> is either not constrained
   (LOC) to a specific location and/or has an undefined I/O Standard
   (IOSTANDARD). This condition may seriously affect the device and will be an
   error in bitstream creation. It should be corrected by properly specifying
   the pin location and I/O Standard.
WARNING:PhysDesignRules:2452 - The IOB OutputC<16> is either not constrained
   (LOC) to a specific location and/or has an undefined I/O Standard
   (IOSTANDARD). This condition may seriously affect the device and will be an
   error in bitstream creation. It should be corrected by properly specifying
   the pin location and I/O Standard.
WARNING:PhysDesignRules:2452 - The IOB OutputC<24> is either not constrained
   (LOC) to a specific location and/or has an undefined I/O Standard
   (IOSTANDARD). This condition may seriously affect the device and will be an
   error in bitstream creation. It should be corrected by properly specifying
   the pin location and I/O Standard.
WARNING:PhysDesignRules:2452 - The IOB OutputC<32> is either not constrained
   (LOC) to a specific location and/or has an undefined I/O Standard
   (IOSTANDARD). This condition may seriously affect the device and will be an
   error in bitstream creation. It should be corrected by properly specifying
   the pin location and I/O Standard.
WARNING:PhysDesignRules:2452 - The IOB OutputC<40> is either not constrained
   (LOC) to a specific location and/or has an undefined I/O Standard
   (IOSTANDARD). This condition may seriously affect the device and will be an
   error in bitstream creation. It should be corrected by properly specifying
   the pin location and I/O Standard.
WARNING:PhysDesignRules:2452 - The IOB OutputC<17> is either not constrained
   (LOC) to a specific location and/or has an undefined I/O Standard
   (IOSTANDARD). This condition may seriously affect the device and will be an
   error in bitstream creation. It should be corrected by properly specifying
   the pin location and I/O Standard.
WARNING:PhysDesignRules:2452 - The IOB OutputC<25> is either not constrained
   (LOC) to a specific location and/or has an undefined I/O Standard
   (IOSTANDARD). This condition may seriously affect the device and will be an
   error in bitstream creation. It should be corrected by properly specifying
   the pin location and I/O Standard.
WARNING:PhysDesignRules:2452 - The IOB OutputC<33> is either not constrained
   (LOC) to a specific location and/or has an undefined I/O Standard
   (IOSTANDARD). This condition may seriously affect the device and will be an
   error in bitstream creation. It should be corrected by properly specifying
   the pin location and I/O Standard.
WARNING:PhysDesignRules:2452 - The IOB OutputC<41> is either not constrained
   (LOC) to a specific location and/or has an undefined I/O Standard
   (IOSTANDARD). This condition may seriously affect the device and will be an
   error in bitstream creation. It should be corrected by properly specifying
   the pin location and I/O Standard.
WARNING:PhysDesignRules:2452 - The IOB OutputC<18> is either not constrained
   (LOC) to a specific location and/or has an undefined I/O Standard
   (IOSTANDARD). This condition may seriously affect the device and will be an
   error in bitstream creation. It should be corrected by properly specifying
   the pin location and I/O Standard.
WARNING:PhysDesignRules:2452 - The IOB OutputC<26> is either not constrained
   (LOC) to a specific location and/or has an undefined I/O Standard
   (IOSTANDARD). This condition may seriously affect the device and will be an
   error in bitstream creation. It should be corrected by properly specifying
   the pin location and I/O Standard.
WARNING:PhysDesignRules:2452 - The IOB OutputC<34> is either not constrained
   (LOC) to a specific location and/or has an undefined I/O Standard
   (IOSTANDARD). This condition may seriously affect the device and will be an
   error in bitstream creation. It should be corrected by properly specifying
   the pin location and I/O Standard.
WARNING:PhysDesignRules:2452 - The IOB OutputC<42> is either not constrained
   (LOC) to a specific location and/or has an undefined I/O Standard
   (IOSTANDARD). This condition may seriously affect the device and will be an
   error in bitstream creation. It should be corrected by properly specifying
   the pin location and I/O Standard.
WARNING:PhysDesignRules:2452 - The IOB OutputC<50> is either not constrained
   (LOC) to a specific location and/or has an undefined I/O Standard
   (IOSTANDARD). This condition may seriously affect the device and will be an
   error in bitstream creation. It should be corrected by properly specifying
   the pin location and I/O Standard.
WARNING:PhysDesignRules:2452 - The IOB InputA<0> is either not constrained (LOC)
   to a specific location and/or has an undefined I/O Standard (IOSTANDARD).
   This condition may seriously affect the device and will be an error in
   bitstream creation. It should be corrected by properly specifying the pin
   location and I/O Standard.
WARNING:PhysDesignRules:2452 - The IOB OutputC<19> is either not constrained
   (LOC) to a specific location and/or has an undefined I/O Standard
   (IOSTANDARD). This condition may seriously affect the device and will be an
   error in bitstream creation. It should be corrected by properly specifying
   the pin location and I/O Standard.
WARNING:PhysDesignRules:2452 - The IOB OutputC<27> is either not constrained
   (LOC) to a specific location and/or has an undefined I/O Standard
   (IOSTANDARD). This condition may seriously affect the device and will be an
   error in bitstream creation. It should be corrected by properly specifying
   the pin location and I/O Standard.
WARNING:PhysDesignRules:2452 - The IOB OutputC<35> is either not constrained
   (LOC) to a specific location and/or has an undefined I/O Standard
   (IOSTANDARD). This condition may seriously affect the device and will be an
   error in bitstream creation. It should be corrected by properly specifying
   the pin location and I/O Standard.
WARNING:PhysDesignRules:2452 - The IOB OutputC<43> is either not constrained
   (LOC) to a specific location and/or has an undefined I/O Standard
   (IOSTANDARD). This condition may seriously affect the device and will be an
   error in bitstream creation. It should be corrected by properly specifying
   the pin location and I/O Standard.
WARNING:PhysDesignRules:2452 - The IOB OutputC<51> is either not constrained
   (LOC) to a specific location and/or has an undefined I/O Standard
   (IOSTANDARD). This condition may seriously affect the device and will be an
   error in bitstream creation. It should be corrected by properly specifying
   the pin location and I/O Standard.
WARNING:PhysDesignRules:2452 - The IOB InputA<1> is either not constrained (LOC)
   to a specific location and/or has an undefined I/O Standard (IOSTANDARD).
   This condition may seriously affect the device and will be an error in
   bitstream creation. It should be corrected by properly specifying the pin
   location and I/O Standard.
WARNING:PhysDesignRules:2452 - The IOB OutputC<28> is either not constrained
   (LOC) to a specific location and/or has an undefined I/O Standard
   (IOSTANDARD). This condition may seriously affect the device and will be an
   error in bitstream creation. It should be corrected by properly specifying
   the pin location and I/O Standard.
WARNING:PhysDesignRules:2452 - The IOB OutputC<36> is either not constrained
   (LOC) to a specific location and/or has an undefined I/O Standard
   (IOSTANDARD). This condition may seriously affect the device and will be an
   error in bitstream creation. It should be corrected by properly specifying
   the pin location and I/O Standard.
WARNING:PhysDesignRules:2452 - The IOB OutputC<44> is either not constrained
   (LOC) to a specific location and/or has an undefined I/O Standard
   (IOSTANDARD). This condition may seriously affect the device and will be an
   error in bitstream creation. It should be corrected by properly specifying
   the pin location and I/O Standard.
WARNING:PhysDesignRules:2452 - The IOB OutputC<52> is either not constrained
   (LOC) to a specific location and/or has an undefined I/O Standard
   (IOSTANDARD). This condition may seriously affect the device and will be an
   error in bitstream creation. It should be corrected by properly specifying
   the pin location and I/O Standard.
WARNING:PhysDesignRules:2452 - The IOB OutputC<60> is either not constrained
   (LOC) to a specific location and/or has an undefined I/O Standard
   (IOSTANDARD). This condition may seriously affect the device and will be an
   error in bitstream creation. It should be corrected by properly specifying
   the pin location and I/O Standard.
WARNING:PhysDesignRules:2452 - The IOB InputA<2> is either not constrained (LOC)
   to a specific location and/or has an undefined I/O Standard (IOSTANDARD).
   This condition may seriously affect the device and will be an error in
   bitstream creation. It should be corrected by properly specifying the pin
   location and I/O Standard.

Design Summary
--------------

Design Summary:
Number of errors:      0
Number of warnings:  130
Slice Logic Utilization:
  Number of Slice Registers:                     0 out of 408,000    0%
  Number of Slice LUTs:                          0 out of 204,000    0%

Slice Logic Distribution:
  Number of occupied Slices:                     0 out of  51,000    0%
  Number of LUT Flip Flop pairs used:            0

IO Utilization:
  Number of bonded IOBs:                       128 out of     600   21%

Specific Feature Utilization:
  Number of RAMB36E1/FIFO36E1s:                  0 out of     750    0%
  Number of RAMB18E1/FIFO18E1s:                  0 out of   1,500    0%
  Number of BUFG/BUFGCTRLs:                      0 out of      32    0%
  Number of IDELAYE2/IDELAYE2_FINEDELAYs:        0 out of     700    0%
  Number of ILOGICE2/ILOGICE3/ISERDESE2s:        0 out of     700    0%
  Number of ODELAYE2/ODELAYE2_FINEDELAYs:        0 out of     650    0%
  Number of OLOGICE2/OLOGICE3/OSERDESE2s:        0 out of     700    0%
  Number of PHASER_IN/PHASER_IN_PHYs:            0 out of      56    0%
  Number of PHASER_OUT/PHASER_OUT_PHYs:          0 out of      56    0%
  Number of BSCANs:                              0 out of       4    0%
  Number of BUFHCEs:                             0 out of     168    0%
  Number of BUFRs:                               0 out of      56    0%
  Number of CAPTUREs:                            0 out of       1    0%
  Number of DNA_PORTs:                           0 out of       1    0%
  Number of DSP48E1s:                            4 out of   1,120    1%
  Number of EFUSE_USRs:                          0 out of       1    0%
  Number of FRAME_ECCs:                          0 out of       1    0%
  Number of GTHE2_CHANNELs:                      0 out of      28    0%
  Number of GTHE2_COMMONs:                       0 out of       7    0%
  Number of IBUFDS_GTE2s:                        0 out of      14    0%
  Number of ICAPs:                               0 out of       2    0%
  Number of IDELAYCTRLs:                         0 out of      14    0%
  Number of IN_FIFOs:                            0 out of      56    0%
  Number of MMCME2_ADVs:                         0 out of      14    0%
  Number of OUT_FIFOs:                           0 out of      56    0%
  Number of PCIE_3_0s:                           0 out of       2    0%
  Number of PHASER_REFs:                         0 out of      14    0%
  Number of PHY_CONTROLs:                        0 out of      14    0%
  Number of PLLE2_ADVs:                          0 out of      14    0%
  Number of STARTUPs:                            0 out of       1    0%
  Number of XADCs:                               0 out of       1    0%

Average Fanout of Non-Clock Nets:                1.10

Peak Memory Usage:  5258 MB
Total REAL time to MAP completion:  1 mins 30 secs 
Total CPU time to MAP completion:   1 mins 29 secs 

Mapping completed.
See MAP report file "Multiplier32x32_map.mrp" for details.
